[     164ms] [ERROR] Failed to load resource: the server responded with a status of 500 (Internal Server Error) @ http://localhost:3000/login:0
[     598ms] [INFO] %cDownload the React DevTools for a better development experience: https://react.dev/link/react-devtools font-weight:bold @ http://localhost:3000/_next/static/chunks/node_modules_react-dom_0kla17-._.js:15305
[     832ms] Error: ./src/features/approvals/queries.ts:1:1
Module not found: Can't resolve 'drizzle-orm'
> 1 | import { and, eq, sql } from "drizzle-orm";
    | ^^^^^^^^^^^^^^^^^^^^^^^^^^^^^^^^^^^^^^^^^^^
  2 | import { db } from "@/db";
  3 | import { contentApprovals, campaigns } from "@/db/schema";
  4 |



Import trace:
  Server Component:
    ./src/features/approvals/queries.ts
    ./src/app/admin/layout.tsx

https://nextjs.org/docs/messages/module-not-found


    at <unknown> (Error: ./src/features/approvals/queries.ts:1:1)
    at <unknown> (https://nextjs.org/docs/messages/module-not-found)
    at Object.getCompilationErrors (file://D:\Projects\zylora\node_modules\next\dist\server\dev\hot-reloader-turbopack.js:1186:59)
    at DevBundlerService.getCompilationError (file://D:\Projects\zylora\node_modules\next\dist\server\lib\dev-bundler-service.js:44:55)
    at DevServer.getCompilationError (file://D:\Projects\zylora\node_modules\next\dist\server\dev\next-dev-server.js:720:42)
    at DevServer.findPageComponents (file://D:\Projects\zylora\node_modules\next\dist\server\dev\next-dev-server.js:690:43)
    at async DevServer.renderErrorToResponseImpl (file://D:\Projects\zylora\node_modules\next\dist\server\base-server.js:1753:26)
[     786ms] [LOG] [HMR] connected @ http://localhost:3000/_next/static/chunks/node_modules_next_dist_1gdrd03._.js:1226
[     887ms] [ERROR] ./src/features/approvals/queries.ts:1:1
Module not found: Can't resolve 'drizzle-orm'
> 1 | import { and, eq, sql } from "drizzle-orm";
    | ^^^^^^^^^^^^^^^^^^^^^^^^^^^^^^^^^^^^^^^^^^^
  2 | import { db } from "@/db";
  3 | import { contentApprovals, campaigns } from "@/db/schema";
  4 |

Import trace:
  Server Component:
    ./src/features/approvals/queries.ts
    ./src/app/admin/layout.tsx

https://nextjs.org/docs/messages/module-not-found @ http://localhost:3000/_next/static/chunks/node_modules_next_dist_1gdrd03._.js:1945
[     888ms] [ERROR] ./src/features/campaigns/queries.ts:1:1
Module not found: Can't resolve 'drizzle-orm'
> 1 | import { eq, and, sql, asc } from "drizzle-orm";
    | ^^^^^^^^^^^^^^^^^^^^^^^^^^^^^^^^^^^^^^^^^^^^^^^^
  2 | import { db } from "@/db";
  3 | import { campaigns, users, monthlyTrends } from "@/db/schema";
  4 |

Import trace:
  Server Component:
    ./src/features/campaigns/queries.ts
    ./src/app/admin/dashboard/page.tsx

https://nextjs.org/docs/messages/module-not-found @ http://localhost:3000/_next/static/chunks/node_modules_next_dist_1gdrd03._.js:1945
[     889ms] [ERROR] ./src/features/clients/queries.ts:1:1
Module not found: Can't resolve 'drizzle-orm'
> 1 | import { sql, eq } from "drizzle-orm";
    | ^^^^^^^^^^^^^^^^^^^^^^^^^^^^^^^^^^^^^^
  2 | import { db } from "@/db";
  3 | import { users, campaigns } from "@/db/schema";
  4 |

Import trace:
  Server Component:
    ./src/features/clients/queries.ts
    ./src/app/admin/dashboard/page.tsx

https://nextjs.org/docs/messages/module-not-found @ http://localhost:3000/_next/static/chunks/node_modules_next_dist_1gdrd03._.js:1945
[     889ms] [ERROR] ./src/features/messages/queries.ts:1:1
Module not found: Can't resolve 'drizzle-orm'
> 1 | import { sql, eq, and, asc, desc, inArray } from "drizzle-orm";
    | ^^^^^^^^^^^^^^^^^^^^^^^^^^^^^^^^^^^^^^^^^^^^^^^^^^^^^^^^^^^^^^^
  2 | import { db } from "@/db";
  3 | import { users, messages } from "@/db/schema";
  4 |

Import trace:
  Server Component:
    ./src/features/messages/queries.ts
    ./src/app/admin/layout.tsx

https://nextjs.org/docs/messages/module-not-found @ http://localhost:3000/_next/static/chunks/node_modules_next_dist_1gdrd03._.js:1945
[     889ms] [ERROR] ./src/db/index.ts:2:1
Module not found: Can't resolve 'drizzle-orm/neon-serverless'
  1 | import { Pool } from "@neondatabase/serverless";
> 2 | import { drizzle } from "drizzle-orm/neon-serverless";
    | ^^^^^^^^^^^^^^^^^^^^^^^^^^^^^^^^^^^^^^^^^^^^^^^^^^^^^^
  3 |
  4 | const pool = new Pool({ connectionString: process.env.DATABASE_URL });
  5 |

Import traces:
  #1 [Server Component]:
    ./src/db/index.ts
    ./src/features/clients/actions.ts

  #2 [Server Component]:
    ./src/db/index.ts
    ./src/features/campaigns/queries.ts
    ./src/app/admin/dashboard/page.tsx

  #3 [Server Component]:
    ./src/db/index.ts
    ./src/features/messages/queries.ts
    ./src/app/admin/layout.tsx

https://nextjs.org/docs/messages/module-not-found @ http://localhost:3000/_next/static/chunks/node_modules_next_dist_1gdrd03._.js:1945
[     889ms] [ERROR] ./src/db/schema.ts:1:1
Module not found: Can't resolve 'drizzle-orm/pg-core'
> 1 | import { pgTable, pgEnum, uuid, text, integer, numeric, timestamp, primaryKey } from "drizzle-orm/pg-core";
    | ^^^^^^^^^^^^^^^^^^^^^^^^^^^^^^^^^^^^^^^^^^^^^^^^^^^^^^^^^^^^^^^^^^^^^^^^^^^^^^^^^^^^^^^^^^^^^^^^^^^^^^^^^^^
  2 |
  3 | export const userRoleEnum = pgEnum("user_role", ["ADMIN", "CLIENT"]);
  4 |

Import traces:
  #1 [Server Component]:
    ./src/db/schema.ts
    ./src/features/clients/actions.ts

  #2 [Server Component]:
    ./src/db/schema.ts
    ./src/features/campaigns/queries.ts
    ./src/app/admin/dashboard/page.tsx

  #3 [Server Component]:
    ./src/db/schema.ts
    ./src/features/messages/queries.ts
    ./src/app/admin/layout.tsx

https://nextjs.org/docs/messages/module-not-found @ http://localhost:3000/_next/static/chunks/node_modules_next_dist_1gdrd03._.js:1945
[     890ms] [ERROR] ./src/features/approvals/queries.ts:1:1
Module not found: Can't resolve 'drizzle-orm'
> 1 | import { and, eq, sql } from "drizzle-orm";
    | ^^^^^^^^^^^^^^^^^^^^^^^^^^^^^^^^^^^^^^^^^^^
  2 | import { db } from "@/db";
  3 | import { contentApprovals, campaigns } from "@/db/schema";
  4 |

Import trace:
  Server Component:
    ./src/features/approvals/queries.ts
    ./src/app/admin/layout.tsx

https://nextjs.org/docs/messages/module-not-found @ http://localhost:3000/_next/static/chunks/node_modules_next_dist_1gdrd03._.js:1945
[     890ms] [ERROR] ./src/features/messages/queries.ts:1:1
Module not found: Can't resolve 'drizzle-orm'
> 1 | import { sql, eq, and, asc, desc, inArray } from "drizzle-orm";
    | ^^^^^^^^^^^^^^^^^^^^^^^^^^^^^^^^^^^^^^^^^^^^^^^^^^^^^^^^^^^^^^^
  2 | import { db } from "@/db";
  3 | import { users, messages } from "@/db/schema";
  4 |

Import traces:
  #1 [Server Component]:
    ./src/features/messages/queries.ts
    ./src/app/admin/layout.tsx

  #2 [Server Component]:
    ./src/features/messages/queries.ts
    ./src/app/admin/messages/page.tsx

https://nextjs.org/docs/messages/module-not-found @ http://localhost:3000/_next/static/chunks/node_modules_next_dist_1gdrd03._.js:1945
[     890ms] [ERROR] ./src/db/index.ts:2:1
Module not found: Can't resolve 'drizzle-orm/neon-serverless'
  1 | import { Pool } from "@neondatabase/serverless";
> 2 | import { drizzle } from "drizzle-orm/neon-serverless";
    | ^^^^^^^^^^^^^^^^^^^^^^^^^^^^^^^^^^^^^^^^^^^^^^^^^^^^^^
  3 |
  4 | const pool = new Pool({ connectionString: process.env.DATABASE_URL });
  5 |

Import traces:
  #1 [Server Component]:
    ./src/db/index.ts
    ./src/features/messages/actions.ts

  #2 [Server Component]:
    ./src/db/index.ts
    ./src/features/messages/queries.ts
    ./src/app/admin/layout.tsx

https://nextjs.org/docs/messages/module-not-found @ http://localhost:3000/_next/static/chunks/node_modules_next_dist_1gdrd03._.js:1945
[     890ms] [ERROR] ./src/db/schema.ts:1:1
Module not found: Can't resolve 'drizzle-orm/pg-core'
> 1 | import { pgTable, pgEnum, uuid, text, integer, numeric, timestamp, primaryKey } from "drizzle-orm/pg-core";
    | ^^^^^^^^^^^^^^^^^^^^^^^^^^^^^^^^^^^^^^^^^^^^^^^^^^^^^^^^^^^^^^^^^^^^^^^^^^^^^^^^^^^^^^^^^^^^^^^^^^^^^^^^^^^
  2 |
  3 | export const userRoleEnum = pgEnum("user_role", ["ADMIN", "CLIENT"]);
  4 |

Import traces:
  #1 [Server Component]:
    ./src/db/schema.ts
    ./src/features/messages/actions.ts

  #2 [Server Component]:
    ./src/db/schema.ts
    ./src/features/messages/queries.ts
    ./src/app/admin/layout.tsx

https://nextjs.org/docs/messages/module-not-found @ http://localhost:3000/_next/static/chunks/node_modules_next_dist_1gdrd03._.js:1945
[     891ms] [ERROR] ./src/features/approvals/queries.ts:1:1
Module not found: Can't resolve 'drizzle-orm'
> 1 | import { and, eq, sql } from "drizzle-orm";
    | ^^^^^^^^^^^^^^^^^^^^^^^^^^^^^^^^^^^^^^^^^^^
  2 | import { db } from "@/db";
  3 | import { contentApprovals, campaigns } from "@/db/schema";
  4 |

Import trace:
  Server Component:
    ./src/features/approvals/queries.ts
    ./src/app/client/layout.tsx

https://nextjs.org/docs/messages/module-not-found @ http://localhost:3000/_next/static/chunks/node_modules_next_dist_1gdrd03._.js:1945
[     891ms] [ERROR] ./src/features/campaigns/queries.ts:1:1
Module not found: Can't resolve 'drizzle-orm'
> 1 | import { eq, and, sql, asc } from "drizzle-orm";
    | ^^^^^^^^^^^^^^^^^^^^^^^^^^^^^^^^^^^^^^^^^^^^^^^^
  2 | import { db } from "@/db";
  3 | import { campaigns, users, monthlyTrends } from "@/db/schema";
  4 |

Import trace:
  Server Component:
    ./src/features/campaigns/queries.ts
    ./src/app/client/dashboard/page.tsx

https://nextjs.org/docs/messages/module-not-found @ http://localhost:3000/_next/static/chunks/node_modules_next_dist_1gdrd03._.js:1945
[     891ms] [ERROR] ./src/features/clients/queries.ts:1:1
Module not found: Can't resolve 'drizzle-orm'
> 1 | import { sql, eq } from "drizzle-orm";
    | ^^^^^^^^^^^^^^^^^^^^^^^^^^^^^^^^^^^^^^
  2 | import { db } from "@/db";
  3 | import { users, campaigns } from "@/db/schema";
  4 |

Import traces:
  #1 [Server Component]:
    ./src/features/clients/queries.ts
    ./src/app/client/dashboard/page.tsx

  #2 [Server Component]:
    ./src/features/clients/queries.ts
    ./src/app/client/layout.tsx

https://nextjs.org/docs/messages/module-not-found @ http://localhost:3000/_next/static/chunks/node_modules_next_dist_1gdrd03._.js:1945
[     891ms] [ERROR] ./src/features/messages/queries.ts:1:1
Module not found: Can't resolve 'drizzle-orm'
> 1 | import { sql, eq, and, asc, desc, inArray } from "drizzle-orm";
    | ^^^^^^^^^^^^^^^^^^^^^^^^^^^^^^^^^^^^^^^^^^^^^^^^^^^^^^^^^^^^^^^
  2 | import { db } from "@/db";
  3 | import { users, messages } from "@/db/schema";
  4 |

Import trace:
  Server Component:
    ./src/features/messages/queries.ts
    ./src/app/client/layout.tsx

https://nextjs.org/docs/messages/module-not-found @ http://localhost:3000/_next/static/chunks/node_modules_next_dist_1gdrd03._.js:1945
[     892ms] [ERROR] ./src/db/index.ts:2:1
Module not found: Can't resolve 'drizzle-orm/neon-serverless'
  1 | import { Pool } from "@neondatabase/serverless";
> 2 | import { drizzle } from "drizzle-orm/neon-serverless";
    | ^^^^^^^^^^^^^^^^^^^^^^^^^^^^^^^^^^^^^^^^^^^^^^^^^^^^^^
  3 |
  4 | const pool = new Pool({ connectionString: process.env.DATABASE_URL });
  5 |

Import traces:
  #1 [Server Component]:
    ./src/db/index.ts
    ./src/features/campaigns/queries.ts
    ./src/app/client/dashboard/page.tsx

  #2 [Server Component]:
    ./src/db/index.ts
    ./src/features/clients/queries.ts
    ./src/app/client/layout.tsx

https://nextjs.org/docs/messages/module-not-found @ http://localhost:3000/_next/static/chunks/node_modules_next_dist_1gdrd03._.js:1945
[     892ms] [ERROR] ./src/db/schema.ts:1:1
Module not found: Can't resolve 'drizzle-orm/pg-core'
> 1 | import { pgTable, pgEnum, uuid, text, integer, numeric, timestamp, primaryKey } from "drizzle-orm/pg-core";
    | ^^^^^^^^^^^^^^^^^^^^^^^^^^^^^^^^^^^^^^^^^^^^^^^^^^^^^^^^^^^^^^^^^^^^^^^^^^^^^^^^^^^^^^^^^^^^^^^^^^^^^^^^^^^
  2 |
  3 | export const userRoleEnum = pgEnum("user_role", ["ADMIN", "CLIENT"]);
  4 |

Import traces:
  #1 [Server Component]:
    ./src/db/schema.ts
    ./src/features/campaigns/queries.ts
    ./src/app/client/dashboard/page.tsx

  #2 [Server Component]:
    ./src/db/schema.ts
    ./src/features/clients/queries.ts
    ./src/app/client/layout.tsx

https://nextjs.org/docs/messages/module-not-found @ http://localhost:3000/_next/static/chunks/node_modules_next_dist_1gdrd03._.js:1945
[     892ms] [ERROR] ./src/features/approvals/queries.ts:1:1
Module not found: Can't resolve 'drizzle-orm'
> 1 | import { and, eq, sql } from "drizzle-orm";
    | ^^^^^^^^^^^^^^^^^^^^^^^^^^^^^^^^^^^^^^^^^^^
  2 | import { db } from "@/db";
  3 | import { contentApprovals, campaigns } from "@/db/schema";
  4 |

Import trace:
  Server Component:
    ./src/features/approvals/queries.ts
    ./src/app/client/layout.tsx

https://nextjs.org/docs/messages/module-not-found @ http://localhost:3000/_next/static/chunks/node_modules_next_dist_1gdrd03._.js:1945
[     892ms] [ERROR] ./src/features/clients/queries.ts:1:1
Module not found: Can't resolve 'drizzle-orm'
> 1 | import { sql, eq } from "drizzle-orm";
    | ^^^^^^^^^^^^^^^^^^^^^^^^^^^^^^^^^^^^^^
  2 | import { db } from "@/db";
  3 | import { users, campaigns } from "@/db/schema";
  4 |

Import trace:
  Server Component:
    ./src/features/clients/queries.ts
    ./src/app/client/layout.tsx

https://nextjs.org/docs/messages/module-not-found @ http://localhost:3000/_next/static/chunks/node_modules_next_dist_1gdrd03._.js:1945
[     892ms] [ERROR] ./src/features/messages/queries.ts:1:1
Module not found: Can't resolve 'drizzle-orm'
> 1 | import { sql, eq, and, asc, desc, inArray } from "drizzle-orm";
    | ^^^^^^^^^^^^^^^^^^^^^^^^^^^^^^^^^^^^^^^^^^^^^^^^^^^^^^^^^^^^^^^
  2 | import { db } from "@/db";
  3 | import { users, messages } from "@/db/schema";
  4 |

Import traces:
  #1 [Server Component]:
    ./src/features/messages/queries.ts
    ./src/app/client/layout.tsx

  #2 [Server Component]:
    ./src/features/messages/queries.ts
    ./src/app/client/messages/page.tsx

https://nextjs.org/docs/messages/module-not-found @ http://localhost:3000/_next/static/chunks/node_modules_next_dist_1gdrd03._.js:1945
[     893ms] [ERROR] ./src/db/index.ts:2:1
Module not found: Can't resolve 'drizzle-orm/neon-serverless'
  1 | import { Pool } from "@neondatabase/serverless";
> 2 | import { drizzle } from "drizzle-orm/neon-serverless";
    | ^^^^^^^^^^^^^^^^^^^^^^^^^^^^^^^^^^^^^^^^^^^^^^^^^^^^^^
  3 |
  4 | const pool = new Pool({ connectionString: process.env.DATABASE_URL });
  5 |

Import traces:
  #1 [Server Component]:
    ./src/db/index.ts
    ./src/features/messages/actions.ts

  #2 [Server Component]:
    ./src/db/index.ts
    ./src/features/clients/queries.ts
    ./src/app/client/layout.tsx

https://nextjs.org/docs/messages/module-not-found @ http://localhost:3000/_next/static/chunks/node_modules_next_dist_1gdrd03._.js:1945
[     893ms] [ERROR] ./src/db/schema.ts:1:1
Module not found: Can't resolve 'drizzle-orm/pg-core'
> 1 | import { pgTable, pgEnum, uuid, text, integer, numeric, timestamp, primaryKey } from "drizzle-orm/pg-core";
    | ^^^^^^^^^^^^^^^^^^^^^^^^^^^^^^^^^^^^^^^^^^^^^^^^^^^^^^^^^^^^^^^^^^^^^^^^^^^^^^^^^^^^^^^^^^^^^^^^^^^^^^^^^^^
  2 |
  3 | export const userRoleEnum = pgEnum("user_role", ["ADMIN", "CLIENT"]);
  4 |

Import traces:
  #1 [Server Component]:
    ./src/db/schema.ts
    ./src/features/messages/actions.ts

  #2 [Server Component]:
    ./src/db/schema.ts
    ./src/features/clients/queries.ts
    ./src/app/client/layout.tsx

https://nextjs.org/docs/messages/module-not-found @ http://localhost:3000/_next/static/chunks/node_modules_next_dist_1gdrd03._.js:1945
[     893ms] [ERROR] ./src/features/approvals/actions.ts:3:1
Module not found: Can't resolve 'drizzle-orm'
  1 | "use server";
  2 |
> 3 | import { eq } from "drizzle-orm";
    | ^^^^^^^^^^^^^^^^^^^^^^^^^^^^^^^^^
  4 | import { revalidatePath } from "next/cache";
  5 | import { db } from "@/db";
  6 | import { contentApprovals } from "@/db/schema";

https://nextjs.org/docs/messages/module-not-found @ http://localhost:3000/_next/static/chunks/node_modules_next_dist_1gdrd03._.js:1945
[     893ms] [ERROR] ./src/features/approvals/queries.ts:1:1
Module not found: Can't resolve 'drizzle-orm'
> 1 | import { and, eq, sql } from "drizzle-orm";
    | ^^^^^^^^^^^^^^^^^^^^^^^^^^^^^^^^^^^^^^^^^^^
  2 | import { db } from "@/db";
  3 | import { contentApprovals, campaigns } from "@/db/schema";
  4 |

Import traces:
  #1 [Server Component]:
    ./src/features/approvals/queries.ts
    ./src/app/client/approvals/page.tsx

  #2 [Server Component]:
    ./src/features/approvals/queries.ts
    ./src/app/client/layout.tsx

https://nextjs.org/docs/messages/module-not-found @ http://localhost:3000/_next/static/chunks/node_modules_next_dist_1gdrd03._.js:1945
[     893ms] [ERROR] ./src/features/clients/queries.ts:1:1
Module not found: Can't resolve 'drizzle-orm'
> 1 | import { sql, eq } from "drizzle-orm";
    | ^^^^^^^^^^^^^^^^^^^^^^^^^^^^^^^^^^^^^^
  2 | import { db } from "@/db";
  3 | import { users, campaigns } from "@/db/schema";
  4 |

Import trace:
  Server Component:
    ./src/features/clients/queries.ts
    ./src/app/client/layout.tsx

https://nextjs.org/docs/messages/module-not-found @ http://localhost:3000/_next/static/chunks/node_modules_next_dist_1gdrd03._.js:1945
[     894ms] [ERROR] ./src/features/messages/queries.ts:1:1
Module not found: Can't resolve 'drizzle-orm'
> 1 | import { sql, eq, and, asc, desc, inArray } from "drizzle-orm";
    | ^^^^^^^^^^^^^^^^^^^^^^^^^^^^^^^^^^^^^^^^^^^^^^^^^^^^^^^^^^^^^^^
  2 | import { db } from "@/db";
  3 | import { users, messages } from "@/db/schema";
  4 |

Import trace:
  Server Component:
    ./src/features/messages/queries.ts
    ./src/app/client/layout.tsx

https://nextjs.org/docs/messages/module-not-found @ http://localhost:3000/_next/static/chunks/node_modules_next_dist_1gdrd03._.js:1945
[     894ms] [ERROR] ./src/db/index.ts:2:1
Module not found: Can't resolve 'drizzle-orm/neon-serverless'
  1 | import { Pool } from "@neondatabase/serverless";
> 2 | import { drizzle } from "drizzle-orm/neon-serverless";
    | ^^^^^^^^^^^^^^^^^^^^^^^^^^^^^^^^^^^^^^^^^^^^^^^^^^^^^^
  3 |
  4 | const pool = new Pool({ connectionString: process.env.DATABASE_URL });
  5 |

Import traces:
  #1 [Server Component]:
    ./src/db/index.ts
    ./src/features/approvals/actions.ts

  #2 [Server Component]:
    ./src/db/index.ts
    ./src/features/clients/queries.ts
    ./src/app/client/layout.tsx

https://nextjs.org/docs/messages/module-not-found @ http://localhost:3000/_next/static/chunks/node_modules_next_dist_1gdrd03._.js:1945
[     894ms] [ERROR] ./src/db/schema.ts:1:1
Module not found: Can't resolve 'drizzle-orm/pg-core'
> 1 | import { pgTable, pgEnum, uuid, text, integer, numeric, timestamp, primaryKey } from "drizzle-orm/pg-core";
    | ^^^^^^^^^^^^^^^^^^^^^^^^^^^^^^^^^^^^^^^^^^^^^^^^^^^^^^^^^^^^^^^^^^^^^^^^^^^^^^^^^^^^^^^^^^^^^^^^^^^^^^^^^^^
  2 |
  3 | export const userRoleEnum = pgEnum("user_role", ["ADMIN", "CLIENT"]);
  4 |

Import traces:
  #1 [Server Component]:
    ./src/db/schema.ts
    ./src/features/approvals/actions.ts

  #2 [Server Component]:
    ./src/db/schema.ts
    ./src/features/clients/queries.ts
    ./src/app/client/layout.tsx

https://nextjs.org/docs/messages/module-not-found @ http://localhost:3000/_next/static/chunks/node_modules_next_dist_1gdrd03._.js:1945
[     894ms] [ERROR] ./node_modules/@auth/drizzle-adapter/index.js:21:1
Export BaseSQLiteDatabase doesn't exist in target module
  19 | import { MySqlDatabase } from "drizzle-orm/mysql-core";
  20 | import { PgDatabase } from "drizzle-orm/pg-core";
> 21 | import { BaseSQLiteDatabase } from "drizzle-orm/sqlite-core";
     | ^^^^^^^^^^^^^^^^^^^^^^^^^^^^^^^^^^^^^^^^^^^^^^^^^^^^^^^^^^^^^
  22 | import { MySqlDrizzleAdapter } from "./lib/mysql.js";
  23 | import { PostgresDrizzleAdapter } from "./lib/pg.js";
  24 | import { SQLiteDrizzleAdapter } from "./lib/sqlite.js";

The export BaseSQLiteDatabase was not found in module [project]/node_modules/drizzle-orm/sqlite-core/index.js [app-route] (ecmascript).
Did you mean to import SQLiteAsyncDatabase?
All exports of the module are statically known (It doesn't have dynamic exports). So it's known statically that the requested export doesn't exist.

Import trace:
  App Route:
    ./node_modules/@auth/drizzle-adapter/index.js
    ./src/auth.ts
    ./src/app/api/auth/[...nextauth]/route.ts @ http://localhost:3000/_next/static/chunks/node_modules_next_dist_1gdrd03._.js:1945
[     894ms] [ERROR] ./node_modules/@auth/drizzle-adapter/index.js:19:1
Export MySqlDatabase doesn't exist in target module
  17 |  */
  18 | import { is } from "drizzle-orm";
> 19 | import { MySqlDatabase } from "drizzle-orm/mysql-core";
     | ^^^^^^^^^^^^^^^^^^^^^^^^^^^^^^^^^^^^^^^^^^^^^^^^^^^^^^^
  20 | import { PgDatabase } from "drizzle-orm/pg-core";
  21 | import { BaseSQLiteDatabase } from "drizzle-orm/sqlite-core";
  22 | import { MySqlDrizzleAdapter } from "./lib/mysql.js";

The export MySqlDatabase was not found in module [project]/node_modules/drizzle-orm/mysql-core/index.js [app-route] (ecmascript).
Did you mean to import mysqlDatabase?
All exports of the module are statically known (It doesn't have dynamic exports). So it's known statically that the requested export doesn't exist.

Import trace:
  App Route:
    ./node_modules/@auth/drizzle-adapter/index.js
    ./src/auth.ts
    ./src/app/api/auth/[...nextauth]/route.ts @ http://localhost:3000/_next/static/chunks/node_modules_next_dist_1gdrd03._.js:1945
[     895ms] [ERROR] ./node_modules/@auth/drizzle-adapter/index.js:20:1
Export PgDatabase doesn't exist in target module
  18 | import { is } from "drizzle-orm";
  19 | import { MySqlDatabase } from "drizzle-orm/mysql-core";
> 20 | import { PgDatabase } from "drizzle-orm/pg-core";
     | ^^^^^^^^^^^^^^^^^^^^^^^^^^^^^^^^^^^^^^^^^^^^^^^^^
  21 | import { BaseSQLiteDatabase } from "drizzle-orm/sqlite-core";
  22 | import { MySqlDrizzleAdapter } from "./lib/mysql.js";
  23 | import { PostgresDrizzleAdapter } from "./lib/pg.js";

The export PgDatabase was not found in module [project]/node_modules/drizzle-orm/pg-core/index.js [app-route] (ecmascript).
Did you mean to import PgDate?
All exports of the module are statically known (It doesn't have dynamic exports). So it's known statically that the requested export doesn't exist.

Import trace:
  App Route:
    ./node_modules/@auth/drizzle-adapter/index.js
    ./src/auth.ts
    ./src/app/api/auth/[...nextauth]/route.ts @ http://localhost:3000/_next/static/chunks/node_modules_next_dist_1gdrd03._.js:1945
[   22960ms] [ERROR] WebSocket connection to 'ws://localhost:3000/_next/webpack-hmr' failed: Error in connection establishment: net::ERR_CONNECTION_REFUSED @ http://localhost:3000/_next/static/chunks/node_modules_next_dist_client_16lnmlo._.js:2343
[   26302ms] [ERROR] WebSocket connection to 'ws://localhost:3000/_next/webpack-hmr' failed: Error in connection establishment: net::ERR_CONNECTION_REFUSED @ http://localhost:3000/_next/static/chunks/node_modules_next_dist_client_16lnmlo._.js:2343
[   29623ms] [ERROR] WebSocket connection to 'ws://localhost:3000/_next/webpack-hmr' failed: Error in connection establishment: net::ERR_CONNECTION_REFUSED @ http://localhost:3000/_next/static/chunks/node_modules_next_dist_client_16lnmlo._.js:2343
[   32971ms] [ERROR] WebSocket connection to 'ws://localhost:3000/_next/webpack-hmr' failed: Error in connection establishment: net::ERR_CONNECTION_REFUSED @ http://localhost:3000/_next/static/chunks/node_modules_next_dist_client_16lnmlo._.js:2343
[   36344ms] [ERROR] WebSocket connection to 'ws://localhost:3000/_next/webpack-hmr' failed: Error in connection establishment: net::ERR_CONNECTION_REFUSED @ http://localhost:3000/_next/static/chunks/node_modules_next_dist_client_16lnmlo._.js:2343
[   43692ms] [ERROR] WebSocket connection to 'ws://localhost:3000/_next/webpack-hmr' failed: Error in connection establishment: net::ERR_CONNECTION_REFUSED @ http://localhost:3000/_next/static/chunks/node_modules_next_dist_client_16lnmlo._.js:2343
[   51044ms] [ERROR] WebSocket connection to 'ws://localhost:3000/_next/webpack-hmr' failed: Error in connection establishment: net::ERR_CONNECTION_REFUSED @ http://localhost:3000/_next/static/chunks/node_modules_next_dist_client_16lnmlo._.js:2343
[   56510ms] [ERROR] WebSocket connection to 'ws://localhost:3000/_next/webpack-hmr' failed: Error during WebSocket handshake: net::ERR_CONNECTION_RESET @ http://localhost:3000/_next/static/chunks/node_modules_next_dist_client_16lnmlo._.js:2343
